uvr: library linked (139 packages)
1985: reading XPT
1985: 25,221 rows, 101 cols, 0.8 MB parquet
1986: reading XPT
1986: 34,395 rows, 109 cols, 1.2 MB parquet
1987: reading XPT
1987: 50,081 rows, 117 cols, 1.9 MB parquet
1988: reading XPT
1988: 56,448 rows, 153 cols, 2.3 MB parquet
1989: reading XPT
1989: 66,867 rows, 163 cols, 2.8 MB parquet
1990: reading XPT
1990: 81,557 rows, 194 cols, 3.7 MB parquet
1991: reading XPT
1991: 87,846 rows, 181 cols, 3.8 MB parquet
1992: reading XPT
1992: 96,213 rows, 182 cols, 4.1 MB parquet
1993: reading XPT
1993: 102,263 rows, 198 cols, 4.1 MB parquet
1994: reading XPT
1994: 105,853 rows, 210 cols, 4.9 MB parquet
1995: reading XPT
1995: 113,934 rows, 213 cols, 4.8 MB parquet
1996: reading XPT
1996: 124,085 rows, 264 cols, 6.2 MB parquet
1997: reading XPT
1997: 135,582 rows, 269 cols, 6.2 MB parquet
1998: reading XPT
1998: 149,342 rows, 327 cols, 8.2 MB parquet
1999: reading XPT
1999: 159,989 rows, 282 cols, 8.1 MB parquet
2000: reading XPT
2000: 184,450 rows, 290 cols, 10.4 MB parquet
2001: reading XPT
2001: 212,510 rows, 292 cols, 11.7 MB parquet
2002: reading XPT
2002: 247,964 rows, 311 cols, 15.7 MB parquet
2003: reading XPT
2003: 264,684 rows, 295 cols, 17.8 MB parquet
2004: reading XPT
2004: 303,822 rows, 294 cols, 16.5 MB parquet
2005: reading XPT
2005: 356,112 rows, 326 cols, 24.0 MB parquet
2006: reading XPT
2006: 355,710 rows, 303 cols, 23.3 MB parquet
2007: reading XPT
2007: 430,912 rows, 363 cols, 36.6 MB parquet
2008: reading XPT
2008: 414,509 rows, 292 cols, 27.3 MB parquet
2009: reading XPT
2009: 432,607 rows, 406 cols, 36.4 MB parquet
2010: reading XPT
2010: 451,075 rows, 398 cols, 32.1 MB parquet
catalog: 11,076 variable-year rows across 40 years
PIPELINE DONE
