uvr: library linked (139 packages)
2011: parquet exists
2012: parquet exists
2013: reading XPT
2013: note - XPT has 336 variables vs CDC page claim 359
2013: 491,773 rows, 337 cols, 41.2 MB parquet
2014: reading XPT
2014: 464,664 rows, 280 cols, 25.9 MB parquet
2015: reading XPT
2015: 441,456 rows, 331 cols, 33.3 MB parquet
2016: reading XPT
2016: 486,303 rows, 276 cols, 24.8 MB parquet
2017: reading XPT
2017: 450,016 rows, 359 cols, 35.3 MB parquet
2018: reading XPT
2018: 437,436 rows, 276 cols, 22.5 MB parquet
2019: reading XPT
2019: 418,268 rows, 343 cols, 32.6 MB parquet
2020: reading XPT
2020: 401,958 rows, 280 cols, 21.4 MB parquet
2021: reading XPT
2021: 438,693 rows, 304 cols, 26.0 MB parquet
2022: reading XPT
2022: note - XPT has 328 variables vs CDC page claim 326
2022: 445,132 rows, 329 cols, 26.3 MB parquet
2023: reading XPT
2023: note - XPT has 350 variables vs CDC page claim 345
2023: 433,323 rows, 351 cols, 29.1 MB parquet
2024: reading XPT
2024: note - XPT has 301 variables vs CDC page claim 345
2024: 457,670 rows, 302 cols, 25.6 MB parquet
catalog: 4,569 variable-year rows across 14 years
PIPELINE DONE
