uvr: library linked (139 packages)
1998: 210 formats, 76/326 variables labeled via name matching, 359 rows
1999: 182 formats, 190/281 variables labeled via assignments, 809 rows
2000: 219 formats, 201/289 variables labeled via assignments, 970 rows
2001: 290 formats, 252/291 variables labeled via assignments, 1,231 rows
2002: 117 formats, 266/310 variables labeled via assignments, 1,254 rows
2003: 253 formats, 253/294 variables labeled via assignments, 1,175 rows
2004: 270 formats, 253/293 variables labeled via assignments, 1,201 rows
2005: 269 formats, 268/325 variables labeled via assignments, 1,277 rows
2006: 255 formats, 250/302 variables labeled via assignments, 1,256 rows
2007: 277 formats, 277/362 variables labeled via assignments, 1,335 rows
2008: 244 formats, 242/291 variables labeled via assignments, 1,174 rows
2009: 372 formats, 340/405 variables labeled via assignments, 1,696 rows
2010: 364 formats, 348/397 variables labeled via assignments, 1,841 rows
2011: 380 formats, 364/454 variables labeled via assignments, 1,916 rows
2012: 299 formats, 296/359 variables labeled via assignments, 1,528 rows
2013: 295 formats, 275/336 variables labeled via assignments, 1,431 rows
2014: 262 formats, 251/279 variables labeled via assignments, 1,223 rows
2015: 295 formats, 276/330 variables labeled via assignments, 1,442 rows
2016: 274 formats, 246/275 variables labeled via assignments, 1,226 rows
2017: 325 formats, 300/358 variables labeled via assignments, 1,585 rows
2018: 268 formats, 247/275 variables labeled via assignments, 1,214 rows
2019: 308 formats, 287/342 variables labeled via assignments, 1,535 rows
2020: 274 formats, 253/279 variables labeled via assignments, 1,224 rows
2021: 294 formats, 268/303 variables labeled via assignments, 1,300 rows
2022: 318 formats, 298/328 variables labeled via assignments, 1,532 rows
2023: 319 formats, 300/350 variables labeled via assignments, 1,492 rows
2024: 288 formats, 268/301 variables labeled via assignments, 1,301 rows
labels catalog: 35,527 rows across 27 years
LABELS DONE
