uvr: library linked (139 packages)
UPLOAD FAILED 1985: GitHub API error (404): Not Found
✖ URL not found:
  <https://api.github.com/repos/muntasirmasum/brfssdata/releases/tags/data-1985>
ℹ Read more at
  <https://docs.github.com/rest/releases/releases#get-a-release-by-tag-name>
UPLOAD FAILED 1986: GitHub API error (404): Not Found
✖ URL not found:
  <https://api.github.com/repos/muntasirmasum/brfssdata/releases/tags/data-1986>
ℹ Read more at
  <https://docs.github.com/rest/releases/releases#get-a-release-by-tag-name>
UPLOAD FAILED 1987: GitHub API error (404): Not Found
✖ URL not found:
  <https://api.github.com/repos/muntasirmasum/brfssdata/releases/tags/data-1987>
ℹ Read more at
  <https://docs.github.com/rest/releases/releases#get-a-release-by-tag-name>
UPLOAD FAILED 1988: GitHub API error (404): Not Found
✖ URL not found:
  <https://api.github.com/repos/muntasirmasum/brfssdata/releases/tags/data-1988>
ℹ Read more at
  <https://docs.github.com/rest/releases/releases#get-a-release-by-tag-name>
UPLOAD FAILED 1989: GitHub API error (404): Not Found
✖ URL not found:
  <https://api.github.com/repos/muntasirmasum/brfssdata/releases/tags/data-1989>
ℹ Read more at
  <https://docs.github.com/rest/releases/releases#get-a-release-by-tag-name>
UPLOAD FAILED 1990: GitHub API error (404): Not Found
✖ URL not found:
  <https://api.github.com/repos/muntasirmasum/brfssdata/releases/tags/data-1990>
ℹ Read more at
  <https://docs.github.com/rest/releases/releases#get-a-release-by-tag-name>
UPLOAD FAILED 1991: GitHub API error (404): Not Found
✖ URL not found:
  <https://api.github.com/repos/muntasirmasum/brfssdata/releases/tags/data-1991>
ℹ Read more at
  <https://docs.github.com/rest/releases/releases#get-a-release-by-tag-name>
UPLOAD FAILED 1992: GitHub API error (404): Not Found
✖ URL not found:
  <https://api.github.com/repos/muntasirmasum/brfssdata/releases/tags/data-1992>
ℹ Read more at
  <https://docs.github.com/rest/releases/releases#get-a-release-by-tag-name>
UPLOAD FAILED 1993: GitHub API error (404): Not Found
✖ URL not found:
  <https://api.github.com/repos/muntasirmasum/brfssdata/releases/tags/data-1993>
ℹ Read more at
  <https://docs.github.com/rest/releases/releases#get-a-release-by-tag-name>
UPLOAD FAILED 1994: GitHub API error (404): Not Found
✖ URL not found:
  <https://api.github.com/repos/muntasirmasum/brfssdata/releases/tags/data-1994>
ℹ Read more at
  <https://docs.github.com/rest/releases/releases#get-a-release-by-tag-name>
UPLOAD FAILED 1995: GitHub API error (404): Not Found
✖ URL not found:
  <https://api.github.com/repos/muntasirmasum/brfssdata/releases/tags/data-1995>
ℹ Read more at
  <https://docs.github.com/rest/releases/releases#get-a-release-⠙ 14 items, page 1 | 5ms
UPLOAD FAILED 2022: upload of brfss_2022.parquet to data-2022 failed verification; not advertising it
⠙ 14 items, page 1 | 1ms
⠙ 14 items, page 1 | 1ms
⠙ 14 items, page 1 | 1ms
⠙ 14 items, page 1 | 1ms
⠙ 14 items, page 1 | 1ms
UPLOAD FAILED 2023: upload of brfss_2023.parquet to data-2023 failed verification; not advertising it
⠙ 14 items, page 1 | 1ms
⠙ 14 items, page 1 | 1ms
⠙ 14 items, page 1 | 1ms
⠙ 14 items, page 1 | 1ms
⠙ 14 items, page 1 | 2ms
UPLOAD FAILED 2024: upload of brfss_2024.parquet to data-2024 failed verification; not advertising it
There were 13 warnings (use warnings() to see them)
UPLOADS DONE 2011-2024
t
  <https://docs.github.com/rest/releases/releases#get-a-release-by-tag-name>
UPLOAD FAILED 1999: GitHub API error (404): Not Found
✖ URL not found:
  <https://api.github.com/repos/muntasirmasum/brfssdata/releases/tags/data-1999>
ℹ Read more at
  <https://docs.github.com/rest/releases/releases#get-a-release-by-tag-name>
UPLOAD FAILED 2000: GitHub API error (404): Not Found
✖ URL not found:
  <https://api.github.com/repos/muntasirmasum/brfssdata/releases/tags/data-2000>
ℹ Read more at
  <https://docs.github.com/rest/releases/releases#get-a-release-by-tag-name>
UPLOAD FAILED 2001: GitHub API error (404): Not Found
✖ URL not found:
  <https://api.github.com/repos/muntasirmasum/brfssdata/releases/tags/data-2001>
ℹ Read more at
  <https://docs.github.com/rest/releases/releases#get-a-release-by-tag-name>
UPLOAD FAILED 2002: GitHub API error (404): Not Found
✖ URL not found:
  <https://api.github.com/repos/muntasirmasum/brfssdata/releases/tags/data-2002>
ℹ Read more at
  <https://docs.github.com/rest/releases/releases#get-a-release-by-tag-name>
UPLOAD FAILED 2003: GitHub API error (404): Not Found
✖ URL not found:
  <https://api.github.com/repos/muntasirmasum/brfssdata/releases/tags/data-2003>
ℹ Read more at
  <https://docs.github.com/rest/releases/releases#get-a-release-by-tag-name>
UPLOAD FAILED 2004: GitHub API error (404): Not Found
✖ URL not found:
  <https://api.github.com/repos/muntasirmasum/brfssdata/releases/tags/data-2004>
ℹ Read more at
  <https://docs.github.com/rest/releases/releases#get-a-release-by-tag-name>
UPLOAD FAILED 2005: GitHub API error (404): Not Found
✖ URL not found:
  <https://api.github.com/repos/muntasirmasum/brfssdata/releases/tags/data-2005>
ℹ Read more at
  <https://docs.github.com/rest/releases/releases#get-a-release-by-tag-name>
UPLOAD FAILED 2006: GitHub API error (404): Not Found
✖ URL not found:
  <https://api.github.com/repos/muntasirmasum/brfssdata/releases/tags/data-2006>
ℹ Read more at
  <https://docs.github.com/rest/releases/releases#get-a-release-by-tag-name>
UPLOAD FAILED 2007: GitHub API error (404): Not Found
✖ URL not found:
  <https://api.github.com/repos/muntasirmasum/brfssdata/releases/tags/data-2007>
ℹ Read more at
  <https://docs.github.com/rest/releases/releases#get-a-release-by-tag-name>
UPLOAD FAILED 2008: GitHub API error (404): Not Found
✖ URL not found:
  <https://api.github.com/repos/muntasirmasum/brfssdata/releases/tags/data-2008>
ℹ Read more at
  <https://docs.github.com/rest/releases/releases#get-a-release-by-tag-name>
UPLOAD FAILED 2009: GitHub API error (404): Not Found
✖ URL not found:
  <https://api.github.com/repos/muntasirmasum/brfssdata/releases/tags/data-2009>
ℹ Read more at
  <https://docs.github.com/rest/releases/releases#get-a-release-by-tag-name>
UPLOAD FAILED 2010: GitHub API error (404): Not Found
✖ URL not found:
  <https://api.github.com/repos/muntasirmasum/brfssdata/releases/tags/data-2010>
ℹ Read more at
  <https://docs.github.com/rest/releases/releases#get-a-release-by-tag-name>
⠙ 14 items, page 1 | 1ms
⠙ 14 items, page 1 | 1ms
⠙ 14 items, page 1 | 1ms
UPLOAD FAILED 2011: upload of brfss_2011.parquet.sha256 to data-2011 failed verification; not advertising it
⠙ 14 items, page 1 | 1ms
⠙ 14 items, page 1 | 1ms
⠙ 14 items, page 1 | 1ms
UPLOAD FAILED 2012: upload of brfss_2012.parquet.sha256 to data-2012 failed verification; not advertising it
⠙ 14 items, page 1 | 1ms
⠙ 14 items, page 1 | 1ms
⠙ 14 items, page 1 | 1ms
UPLOAD FAILED 2013: upload of brfss_2013.parquet.sha256 to data-2013 failed verification; not advertising it
⠙ 14 items, page 1 | 1ms
⠙ 14 items, page 1 | 1ms
⠙ 14 items, page 1 | 1ms
UPLOAD FAILED 2014: upload of brfss_2014.parquet.sha256 to data-2014 failed verification; not advertising it
⠙ 14 items, page 1 | 1ms
⠙ 14 items, page 1 | 1ms
⠙ 14 items, page 1 | 1ms
UPLOAD FAILED 2015: upload of brfss_2015.parquet.sha256 to data-2015 failed verification; not advertising it
⠙ 14 items, page 1 | 1ms
⠙ 14 items, page 1 | 1ms
⠙ 14 items, page 1 | 2ms
UPLOAD FAILED 2016: upload of brfss_2016.parquet.sha256 to data-2016 failed verification; not advertising it
⠙ 14 items, page 1 | 1ms
⠙ 14 items, page 1 | 1ms
⠙ 14 items, page 1 | 1ms
UPLOAD FAILED 2017: upload of brfss_2017.parquet.sha256 to data-2017 failed verification; not advertising it
⠙ 14 items, page 1 | 1ms
⠙ 14 items, page 1 | 1ms
⠙ 14 items, page 1 | 1ms
UPLOAD FAILED 2018: upload of brfss_2018.parquet.sha256 to data-2018 failed verification; not advertising it
⠙ 14 items, page 1 | 1ms
⠙ 14 items, page 1 | 1ms
⠙ 14 items, page 1 | 1ms
UPLOAD FAILED 2019: upload of brfss_2019.parquet.sha256 to data-2019 failed verification; not advertising it
⠙ 14 items, page 1 | 1ms
⠙ 14 items, page 1 | 1ms
⠙ 14 items, page 1 | 1ms
UPLOAD FAILED 2020: upload of brfss_2020.parquet.sha256 to data-2020 failed verification; not advertising it
⠙ 14 items, page 1 | 1ms
⠙ 14 items, page 1 | 1ms
⠙ 14 items, page 1 | 1ms
UPLOAD FAILED 2021: upload of brfss_2021.parquet.sha256 to data-2021 failed verification; not advertising it
⠙ 14 items, page 1 | 1ms
⠙ 14 items, page 1 | 1ms
⠙ 14 items, page 1 | 1ms
UPLOAD FAILED 2022: upload of brfss_2022.parquet.sha256 to data-2022 failed verification; not advertising it
⠙ 14 items, page 1 | 1ms
⠙ 14 items, page 1 | 1ms
⠙ 14 items, page 1 | 1ms
UPLOAD FAILED 2023: upload of brfss_2023.parquet.sha256 to data-2023 failed verification; not advertising it
⠙ 14 items, page 1 | 1ms
⠙ 14 items, page 1 | 1ms
⠙ 14 items, page 1 | 1ms
UPLOAD FAILED 2024: upload of brfss_2024.parquet to data-2024 failed verification; not advertising it
Error in `gh::gh()`:
! GitHub API error (404): Not Found
✖ URL not found:
  <https://api.github.com/repos/muntasirmasum/brfssdata/releases/tags/data-meta>
ℹ Read more at
  <https://docs.github.com/rest/releases/releases#get-a-release-by-tag-name>
Backtrace:
     ▆
  1. └─global publish_meta(years)
  2.   └─global release_exists(tag)
  3.     └─global release_info(tag)
  4.       ├─base::tryCatch(...)
  5.       │ └─base (local) tryCatchList(expr, classes, parentenv, handlers)
  6.       │   └─base (local) tryCatchOne(expr, names, parentenv, handlers[[1L]])
  7.       │     └─base (local) doTryCatch(return(expr), name, parentenv, handler)
  8.       └─gh::gh(paste0("GET /repos/", repo, "/releases/tags/", tag))
  9.         └─gh:::gh_make_request(req)
 10.           └─gh:::gh_error(resp, gh_req = x, error_call = error_call)
 11.             └─cli::cli_abort(...)
 12.               └─rlang::abort(...)
Execution halted
