uvr: library linked (139 packages)
⠙ 14 items, page 1 | 3ms
✔ Created new release "BRFSS 1985 data".
⠙ 14 items, page 1 | 1ms
UPLOAD FAILED 1985: Release "data-1985" not found in "muntasirmasum/brfssdata". No upload
performed.
⠙ 14 items, page 1 | 1ms
✔ Created new release "BRFSS 1986 data".
⠙ 14 items, page 1 | 1ms
UPLOAD FAILED 1986: Release "data-1986" not found in "muntasirmasum/brfssdata". No upload
performed.
⠙ 14 items, page 1 | 1ms
✔ Created new release "BRFSS 1987 data".
⠙ 14 items, page 1 | 1ms
UPLOAD FAILED 1987: Release "data-1987" not found in "muntasirmasum/brfssdata". No upload
performed.
⠙ 14 items, page 1 | 1ms
✔ Created new release "BRFSS 1988 data".
⠙ 14 items, page 1 | 2ms
UPLOAD FAILED 1988: Release "data-1988" not found in "muntasirmasum/brfssdata". No upload
performed.
⠙ 14 items, page 1 | 1ms
✔ Created new release "BRFSS 1989 data".
⠙ 14 items, page 1 | 1ms
UPLOAD FAILED 1989: Release "data-1989" not found in "muntasirmasum/brfssdata". No upload
performed.
⠙ 14 items, page 1 | 1ms
✔ Created new release "BRFSS 1990 data".
⠙ 14 items, page 1 | 1ms
UPLOAD FAILED 1990: Release "data-1990" not found in "muntasirmasum/brfssdata". No upload
performed.
⠙ 14 items, page 1 | 1ms
✔ Created new release "BRFSS 1991 data".
⠙ 14 items, page 1 | 1ms
UPLOAD FAILED 1991: Release "data-1991" not found in "muntasirmasum/brfssdata". No upload
performed.
⠙ 14 items, page 1 | 1ms
✔ Created new release "BRFSS 1992 data".
⠙ 14 items, page 1 | 2ms
UPLOAD FAILED 1992: Release "data-1992" not found in "muntasirmasum/brfssdata". No upload
performed.
⠙ 14 items, page 1 | 1ms
✔ Created new release "BRFSS 1993 data".
⠙ 14 items, page 1 | 2ms
UPLOAD FAILED 1993: Release "data-1993" not found in "muntasirmasum/brfssdata". No upload
performed.
⠙ 14 items, page 1 | 1ms
✔ Created new release "BRFSS 1994 data".
⠙ 14 items, page 1 | 1ms
UPLOAD FAILED 1994: Release "data-1994" not found in "muntasirmasum/brfssdata". No upload
performed.
⠙ 14 items, page 1 | 1ms
✔ Created new release "BRFSS 1995 data".
⠙ 14 items, page 1 | 2ms
UPLOAD FAILED 1995: Release "data-1995" not found in "muntasirmasum/brfssdata". No upload
performed.
⠙ 14 items, page 1 | 1ms
✔ Created new release "BRFSS 1996 data".
⠙ 14 items, page 1 | 2ms
UPLOAD FAILED 1996: Release "data-1996" not found in "muntasirmasum/brfssdata". No upload
performed.
⠙ 14 items, page 1 | 1ms
✔ Created new release "BRFSS 1997 data".
⠙ 14 items, page 1 | 1ms
UPLOAD FAILED 1997: Release "data-1997" not found in "muntasirmasum/brfssdata". No upload
performed.
⠙ 14 items, page 1 | 1ms
✔ Created new release "BRFSS 1998 data".
⠙ 14 items, page 1 | 2ms
UPLOAD FAILED 1998: Release "data-1998" not found in "muntasirmasum/brfssdata". No upload
performed.
⠙ 14 items, page 1 | 1ms
✔ Created new release "BRFSS 1999 data".
⠙ 14 items, page 1 | 2ms
UPLOAD FAILED 1999: Release "data-1999" not found in "muntasirmasum/brfssdata". No upload
performed.
⠙ 14 items, page 1 | 1ms
✔ Created new release "BRFSS 2000 data".
⠙ 14 items, page 1 | 2ms
UPLOAD FAILED 2000: Release "data-2000" not found in "muntasirmasum/brfssdata". No upload
performed.
⠙ 14 items, page 1 | 1ms
✔ Created new release "BRFSS 2001 data".
⠙ 14 items, page 1 | 1ms
UPLOAD FAILED 2001: Release "data-2001" not found in "muntasirmasum/brfssdata". No upload
performed.
⠙ 14 items, page 1 | 1ms
✔ Created new release "BRFSS 2002 data".
⠙ 14 items, page 1 | 1ms
UPLOAD FAILED 2002: Release "data-2002" not found in "muntasirmasum/brfssdata". No upload
performed.
⠙ 14 items, page 1 | 1ms
✔ Created new release "BRFSS 2003 data".
⠙ 14 items, page 1 | 2ms
UPLOAD FAILED 2003: Release "data-2003" not found in "muntasirmasum/brfssdata". No upload
performed.
⠙ 14 items, page 1 | 1ms
✔ Created new release "BRFSS 2004 data".
⠙ 14 items, page 1 | 1ms
UPLOAD FAILED 2004: Release "data-2004" not found in "muntasirmasum/brfssdata". No upload
performed.
⠙ 14 items, page 1 | 1ms
✔ Created new release "BRFSS 2005 data".
⠙ 34 items, page 1 | 1ms
UPLOAD FAILED 2005: Release "data-2005" not found in "muntasirmasum/brfssdata". No upload
performed.
⠙ 34 items, page 1 | 1ms
✔ Created new release "BRFSS 2006 data".
⠙ 34 items, page 1 | 1ms
UPLOAD FAILED 2006: Release "data-2006" not found in "muntasirmasum/brfssdata". No upload
performed.
⠙ 34 items, page 1 | 1ms
✔ Created new release "BRFSS 2007 data".
⠙ 34 items, page 1 | 1ms
UPLOAD FAILED 2007: Release "data-2007" not found in "muntasirmasum/brfssdata". No upload
performed.
⠙ 34 items, page 1 | 1ms
✔ Created new release "BRFSS 2008 data".
⠙ 34 items, page 1 | 1ms
UPLOAD FAILED 2008: Release "data-2008" not found in "muntasirmasum/brfssdata". No upload
performed.
⠙ 34 items, page 1 | 1ms
✔ Created new release "BRFSS 2009 data".
⠙ 34 items, page 1 | 2ms
UPLOAD FAILED 2009: Release "data-2009" not found in "muntasirmasum/brfssdata". No upload
performed.
⠙ 34 items, page 1 | 1ms
✔ Created new release "BRFSS 2010 data".
⠙ 34 items, page 1 | 1ms
UPLOAD FAILED 2010: Release "data-2010" not found in "muntasirmasum/brfssdata". No upload
performed.
published data-2011
published data-2012
published data-2013
published data-2014
published data-2015
published data-2016
published data-2017
published data-2018
published data-2019
published data-2020
published data-2021
published data-2022
published data-2023
⠙ 34 items, page 1 | 1ms
⠙ 34 items, page 1 | 1ms
⠙ 34 items, page 1 | 1ms
UPLOAD FAILED 2024: upload of brfss_2024.parquet.sha256 to data-2024 failed verification; not advertising it
⠙ 34 items, page 1 | 1ms
✔ Created new release "Data manifest and variable catalog".
⠙ 34 items, page 1 | 2ms
Error in `piggyback::pb_upload()`:
! Release "data-meta" not found in "muntasirmasum/brfssdata". No upload
  performed.
Backtrace:
    ▆
 1. └─global publish_meta(years)
 2.   └─global upload_verified(catalog, tag)
 3.     └─piggyback::pb_upload(path, repo = repo, tag = tag)
 4.       └─cli::cli_abort("Release {.val {tag}} not found in {.val {repo}}. No upload performed.")
 5.         └─rlang::abort(...)
Execution halted
